
> hooshagar@1.0.0 build
> next build

  ظû▓ Next.js 14.2.35
  - Environments: .env.local
  - Experiments (use with caution):
    ┬╖ instrumentationHook

   Creating an optimized production build ...
node.exe : [@sentry/nextjs] It appears you've configured a `sentry.server.config.ts` file. Please ensure to put this 
file's content into the `register()` function of a Next.js instrumentation file instead. To ensure correct 
functionality of the SDK, `Sentry.init` must be called inside of an instrumentation file. Learn more about setting up 
an instrumentation file in Next.js: https://nextjs.org/docs/app/building-your-application/optimizing/instrumentation. 
You can safely delete the `sentry.server.config.ts` file afterward.
At line:1 char:1
+ & "C:\Program Files\nodejs/node.exe" "C:\Users\Pedram\AppData\Roaming ...
+ ~~~~~~~~~~~~~~~~~~~~~~~~~~~~~~~~~~~~~~~~~~~~~~~~~~~~~~~~~~~~~~~~~~~~~
    + CategoryInfo          : NotSpecified: ([@sentry/nextjs...file afterward.:String) [], RemoteException
    + FullyQualifiedErrorId : NativeCommandError
 
[@sentry/nextjs] It appears you've configured a `sentry.edge.config.ts` file. Please ensure to put this file's content 
into the `register()` function of a Next.js instrumentation file instead. To ensure correct functionality of the SDK, 
`Sentry.init` must be called inside of an instrumentation file. Learn more about setting up an instrumentation file in 
Next.js: https://nextjs.org/docs/app/building-your-application/optimizing/instrumentation. You can safely delete the 
`sentry.edge.config.ts` file afterward.
[@sentry/nextjs] DEPRECATION WARNING: It is recommended renaming your `sentry.client.config.ts` file, or moving its 
content to `instrumentation-client.ts`. When using Turbopack `sentry.client.config.ts` will no longer work. Read more 
about the `instrumentation-client.ts` file: 
https://nextjs.org/docs/app/api-reference/file-conventions/instrumentation-client
 ظ£ô Compiled successfully
   Skipping linting
   Checking validity of types ...
Failed to compile.

./app/(dashboard)/admin/early-warning/page.tsx:674:45
Type error: Type 'WarningType' is not assignable to type '"academic" | "behavioral" | "attendance"'.
  Type '"all"' is not assignable to type '"academic" | "behavioral" | "attendance"'.

[0m [90m 672 |[39m                         [33m<[39m[33m/[39m[33mtd[39m[33m>[39m[0m
[0m [90m 673 |[39m                         [33m<[39m[33mtd[39m className[33m=[39m[32m"px-4 py-4 
text-center"[39m[33m>[39m[0m
[0m[31m[1m>[22m[39m[90m 674 |[39m                           [33m<[39m[33mWarningTypeBadge[39m 
type[33m=[39m{student[33m.[39mwarningType} [33m/[39m[33m>[39m[0m
[0m [90m     |[39m                                             [31m[1m^[22m[39m[0m
[0m [90m 675 |[39m                         [33m<[39m[33m/[39m[33mtd[39m[33m>[39m[0m
[0m [90m 676 |[39m                         [33m<[39m[33mtd[39m className[33m=[39m[32m"px-4 py-4 
text-center"[39m[33m>[39m[0m
[0m [90m 677 |[39m                           [33m<[39m[33mRiskBadge[39m 
level[33m=[39m{student[33m.[39mriskLevel} [33m/[39m[33m>[39m[0m
Next.js build worker exited with code: 1 and signal: null
